// Jest Snapshot v1, https://goo.gl/fbAQLP

exports[`App component:- it should render with given state from redux store 1`] = `
<div
  className="App h-100"
>
  <div
    className="row h-100"
  >
    <div
      className="align-items-center row"
    >
      <ul
        className="nav Shadow navBlack"
      >
        <li
          className="navItem active"
          onClick={[Function]}
        >
          <i
            className="bi bi-person"
          />
        </li>
        <li
          className="navItem"
          onClick={[Function]}
        >
          <i
            className="bi bi-file-earmark-richtext"
          />
        </li>
        <li
          className="navItem"
          onClick={[Function]}
        >
          <i
            className="fas fa-tasks"
          />
        </li>
        <li
          className="navItem"
          onClick={[Function]}
        >
          <i
            className="fas fa-award"
          />
        </li>
      </ul>
    </div>
    <div
      className="w-100  p-0 m-0 h-100 overflow-h bg-1"
    >
      <div
        className="home"
      >
        <div
          className="row"
        >
          <div
            className="container h-100"
          >
            <div
              className="topItem"
            >
              <i
                className="bi bi-shop"
              />
            </div>
            <div
              className="col-sm-12 h-100"
            >
              <div
                className="row m-0 p-0 h-100 align-items-center"
              >
                <div
                  className="centerItem"
                >
                  <h4
                    className="bolder-3"
                  >
                    EZAT ELZALOUY
                  </h4>
                  <h5>
                    MERN stack developer as a freelancer
                  </h5>
                  <a
                    href="https://www.facebook.com/Eng.ezat.elzalouy/"
                    target="blank"
                  >
                    <i
                      className="col-1 p-2 bi bi-facebook"
                    />
                  </a>
                  <a
                    href="https://twitter.com/Ezat_Elzalouy/"
                    target="blank"
                  >
                    <i
                      className="col-1 p-2 bi bi-twitter"
                    />
                  </a>
                  <a
                    href="https://www.linkedin.com/in/ezat-elzalouy-844bb0133/"
                    target="blank"
                  >
                    <i
                      className="col-1 p-2 bi bi-linkedin"
                    />
                  </a>
                  <a
                    href="https://github.com/elzalouy"
                    target="blank"
                  >
                    <i
                      className="col-1 p-2 bi bi-github"
                    />
                  </a>
                </div>
              </div>
            </div>
          </div>
        </div>
      </div>
    </div>
  </div>
</div>
`;
